{
    "client_id": 0,
    "base_utterance": null,
    "plan": [],
    "research_results": [],
    "queried_data": {
        "cybersecurity_ip_protection_usa_2022": {
            "client_id": {
                "120": 0,
                "178": 0,
                "600": 0,
                "658": 0,
                "1080": 0,
                "1138": 0,
                "1560": 0,
                "1618": 0,
                "2040": 0,
                "2098": 0,
                "2520": 0,
                "2578": 0,
                "3000": 0,
                "3058": 0,
                "3480": 0,
                "3538": 0,
                "3960": 0,
                "4018": 0,
                "4440": 0,
                "4498": 0,
                "4920": 0,
                "4978": 0,
                "5400": 0,
                "5458": 0
            },
            "data_stream": {
                "120": "Cybersecurity Threats Detected",
                "178": "Intellectual Property Rights Protection",
                "600": "Cybersecurity Threats Detected",
                "658": "Intellectual Property Rights Protection",
                "1080": "Cybersecurity Threats Detected",
                "1138": "Intellectual Property Rights Protection",
                "1560": "Cybersecurity Threats Detected",
                "1618": "Intellectual Property Rights Protection",
                "2040": "Cybersecurity Threats Detected",
                "2098": "Intellectual Property Rights Protection",
                "2520": "Cybersecurity Threats Detected",
                "2578": "Intellectual Property Rights Protection",
                "3000": "Cybersecurity Threats Detected",
                "3058": "Intellectual Property Rights Protection",
                "3480": "Cybersecurity Threats Detected",
                "3538": "Intellectual Property Rights Protection",
                "3960": "Cybersecurity Threats Detected",
                "4018": "Intellectual Property Rights Protection",
                "4440": "Cybersecurity Threats Detected",
                "4498": "Intellectual Property Rights Protection",
                "4920": "Cybersecurity Threats Detected",
                "4978": "Intellectual Property Rights Protection",
                "5400": "Cybersecurity Threats Detected",
                "5458": "Intellectual Property Rights Protection"
            },
            "site_name": {
                "120": "Illinois_United States_267",
                "178": "Oklahoma_United States_141",
                "600": "Illinois_United States_267",
                "658": "Oklahoma_United States_141",
                "1080": "Illinois_United States_267",
                "1138": "Oklahoma_United States_141",
                "1560": "Illinois_United States_267",
                "1618": "Oklahoma_United States_141",
                "2040": "Illinois_United States_267",
                "2098": "Oklahoma_United States_141",
                "2520": "Illinois_United States_267",
                "2578": "Oklahoma_United States_141",
                "3000": "Illinois_United States_267",
                "3058": "Oklahoma_United States_141",
                "3480": "Illinois_United States_267",
                "3538": "Oklahoma_United States_141",
                "3960": "Illinois_United States_267",
                "4018": "Oklahoma_United States_141",
                "4440": "Illinois_United States_267",
                "4498": "Oklahoma_United States_141",
                "4920": "Illinois_United States_267",
                "4978": "Oklahoma_United States_141",
                "5400": "Illinois_United States_267",
                "5458": "Oklahoma_United States_141"
            },
            "state": {
                "120": "Illinois",
                "178": "Oklahoma",
                "600": "Illinois",
                "658": "Oklahoma",
                "1080": "Illinois",
                "1138": "Oklahoma",
                "1560": "Illinois",
                "1618": "Oklahoma",
                "2040": "Illinois",
                "2098": "Oklahoma",
                "2520": "Illinois",
                "2578": "Oklahoma",
                "3000": "Illinois",
                "3058": "Oklahoma",
                "3480": "Illinois",
                "3538": "Oklahoma",
                "3960": "Illinois",
                "4018": "Oklahoma",
                "4440": "Illinois",
                "4498": "Oklahoma",
                "4920": "Illinois",
                "4978": "Oklahoma",
                "5400": "Illinois",
                "5458": "Oklahoma"
            },
            "country": {
                "120": "United States",
                "178": "United States",
                "600": "United States",
                "658": "United States",
                "1080": "United States",
                "1138": "United States",
                "1560": "United States",
                "1618": "United States",
                "2040": "United States",
                "2098": "United States",
                "2520": "United States",
                "2578": "United States",
                "3000": "United States",
                "3058": "United States",
                "3480": "United States",
                "3538": "United States",
                "3960": "United States",
                "4018": "United States",
                "4440": "United States",
                "4498": "United States",
                "4920": "United States",
                "4978": "United States",
                "5400": "United States",
                "5458": "United States"
            },
            "service_month": {
                "120": "APR-2022",
                "178": "APR-2022",
                "600": "AUG-2022",
                "658": "AUG-2022",
                "1080": "DEC-2022",
                "1138": "DEC-2022",
                "1560": "FEB-2022",
                "1618": "FEB-2022",
                "2040": "JAN-2022",
                "2098": "JAN-2022",
                "2520": "JUL-2022",
                "2578": "JUL-2022",
                "3000": "JUN-2022",
                "3058": "JUN-2022",
                "3480": "MAR-2022",
                "3538": "MAR-2022",
                "3960": "MAY-2022",
                "4018": "MAY-2022",
                "4440": "NOV-2022",
                "4498": "NOV-2022",
                "4920": "OCT-2022",
                "4978": "OCT-2022",
                "5400": "SEP-2022",
                "5458": "SEP-2022"
            },
            "type": {
                "120": "Actual",
                "178": "Actual",
                "600": "Actual",
                "658": "Actual",
                "1080": "Actual",
                "1138": "Actual",
                "1560": "Actual",
                "1618": "Actual",
                "2040": "Actual",
                "2098": "Actual",
                "2520": "Actual",
                "2578": "Actual",
                "3000": "Actual",
                "3058": "Actual",
                "3480": "Actual",
                "3538": "Actual",
                "3960": "Actual",
                "4018": "Actual",
                "4440": "Actual",
                "4498": "Actual",
                "4920": "Actual",
                "4978": "Actual",
                "5400": "Actual",
                "5458": "Actual"
            },
            "value": {
                "120": 7106.921011712944,
                "178": 24141.958325642627,
                "600": 8624.801610069633,
                "658": 27679.40562669183,
                "1080": 7635.456278393467,
                "1138": 23354.730019001632,
                "1560": 14189.803553595446,
                "1618": 10450.528397386235,
                "2040": 21426.523556347885,
                "2098": 31206.195618061665,
                "2520": 3328.658433717917,
                "2578": 20022.364328585587,
                "3000": 39088.82297269213,
                "3058": 26499.141265416714,
                "3480": 18730.644672121307,
                "3538": 5977.891497698335,
                "3960": 17057.444870842803,
                "4018": 17151.8643412644,
                "4440": 27656.08549668049,
                "4498": 37756.85745170536,
                "4920": 40905.53366201902,
                "4978": 36280.73213231947,
                "5400": 7522.770302842105,
                "5458": 1240.066217381556
            }
        }
    },
    "chat_history": [],
    "current_step": null,
    "calculation_results": []
}