{
    "client_id": 0,
    "base_utterance": null,
    "plan": [],
    "research_results": [],
    "queried_data": {
        "forecasted_product_returns_defect_rate_2022_2023": {
            "client_id": {
                "173": 0,
                "175": 0,
                "293": 0,
                "295": 0,
                "653": 0,
                "655": 0,
                "773": 0,
                "775": 0,
                "1133": 0,
                "1135": 0,
                "1253": 0,
                "1255": 0,
                "1613": 0,
                "1615": 0,
                "1733": 0,
                "1735": 0,
                "2093": 0,
                "2095": 0,
                "2213": 0,
                "2215": 0,
                "2573": 0,
                "2575": 0,
                "2693": 0,
                "2695": 0,
                "3053": 0,
                "3055": 0,
                "3173": 0,
                "3175": 0,
                "3533": 0,
                "3535": 0,
                "3653": 0,
                "3655": 0,
                "4013": 0,
                "4015": 0,
                "4133": 0,
                "4135": 0,
                "4493": 0,
                "4495": 0,
                "4613": 0,
                "4615": 0,
                "4973": 0,
                "4975": 0,
                "5093": 0,
                "5095": 0,
                "5453": 0,
                "5455": 0,
                "5573": 0,
                "5575": 0
            },
            "data_stream": {
                "173": "Product Returns",
                "175": "Product Defect Rate",
                "293": "Product Returns",
                "295": "Product Defect Rate",
                "653": "Product Returns",
                "655": "Product Defect Rate",
                "773": "Product Returns",
                "775": "Product Defect Rate",
                "1133": "Product Returns",
                "1135": "Product Defect Rate",
                "1253": "Product Returns",
                "1255": "Product Defect Rate",
                "1613": "Product Returns",
                "1615": "Product Defect Rate",
                "1733": "Product Returns",
                "1735": "Product Defect Rate",
                "2093": "Product Returns",
                "2095": "Product Defect Rate",
                "2213": "Product Returns",
                "2215": "Product Defect Rate",
                "2573": "Product Returns",
                "2575": "Product Defect Rate",
                "2693": "Product Returns",
                "2695": "Product Defect Rate",
                "3053": "Product Returns",
                "3055": "Product Defect Rate",
                "3173": "Product Returns",
                "3175": "Product Defect Rate",
                "3533": "Product Returns",
                "3535": "Product Defect Rate",
                "3653": "Product Returns",
                "3655": "Product Defect Rate",
                "4013": "Product Returns",
                "4015": "Product Defect Rate",
                "4133": "Product Returns",
                "4135": "Product Defect Rate",
                "4493": "Product Returns",
                "4495": "Product Defect Rate",
                "4613": "Product Returns",
                "4615": "Product Defect Rate",
                "4973": "Product Returns",
                "4975": "Product Defect Rate",
                "5093": "Product Returns",
                "5095": "Product Defect Rate",
                "5453": "Product Returns",
                "5455": "Product Defect Rate",
                "5573": "Product Returns",
                "5575": "Product Defect Rate"
            },
            "site_name": {
                "173": "Tocantins_Brazil_166",
                "175": "Saskatchewan_Canada_290",
                "293": "Tocantins_Brazil_166",
                "295": "Saskatchewan_Canada_290",
                "653": "Tocantins_Brazil_166",
                "655": "Saskatchewan_Canada_290",
                "773": "Tocantins_Brazil_166",
                "775": "Saskatchewan_Canada_290",
                "1133": "Tocantins_Brazil_166",
                "1135": "Saskatchewan_Canada_290",
                "1253": "Tocantins_Brazil_166",
                "1255": "Saskatchewan_Canada_290",
                "1613": "Tocantins_Brazil_166",
                "1615": "Saskatchewan_Canada_290",
                "1733": "Tocantins_Brazil_166",
                "1735": "Saskatchewan_Canada_290",
                "2093": "Tocantins_Brazil_166",
                "2095": "Saskatchewan_Canada_290",
                "2213": "Tocantins_Brazil_166",
                "2215": "Saskatchewan_Canada_290",
                "2573": "Tocantins_Brazil_166",
                "2575": "Saskatchewan_Canada_290",
                "2693": "Tocantins_Brazil_166",
                "2695": "Saskatchewan_Canada_290",
                "3053": "Tocantins_Brazil_166",
                "3055": "Saskatchewan_Canada_290",
                "3173": "Tocantins_Brazil_166",
                "3175": "Saskatchewan_Canada_290",
                "3533": "Tocantins_Brazil_166",
                "3535": "Saskatchewan_Canada_290",
                "3653": "Tocantins_Brazil_166",
                "3655": "Saskatchewan_Canada_290",
                "4013": "Tocantins_Brazil_166",
                "4015": "Saskatchewan_Canada_290",
                "4133": "Tocantins_Brazil_166",
                "4135": "Saskatchewan_Canada_290",
                "4493": "Tocantins_Brazil_166",
                "4495": "Saskatchewan_Canada_290",
                "4613": "Tocantins_Brazil_166",
                "4615": "Saskatchewan_Canada_290",
                "4973": "Tocantins_Brazil_166",
                "4975": "Saskatchewan_Canada_290",
                "5093": "Tocantins_Brazil_166",
                "5095": "Saskatchewan_Canada_290",
                "5453": "Tocantins_Brazil_166",
                "5455": "Saskatchewan_Canada_290",
                "5573": "Tocantins_Brazil_166",
                "5575": "Saskatchewan_Canada_290"
            },
            "state": {
                "173": "Tocantins",
                "175": "Saskatchewan",
                "293": "Tocantins",
                "295": "Saskatchewan",
                "653": "Tocantins",
                "655": "Saskatchewan",
                "773": "Tocantins",
                "775": "Saskatchewan",
                "1133": "Tocantins",
                "1135": "Saskatchewan",
                "1253": "Tocantins",
                "1255": "Saskatchewan",
                "1613": "Tocantins",
                "1615": "Saskatchewan",
                "1733": "Tocantins",
                "1735": "Saskatchewan",
                "2093": "Tocantins",
                "2095": "Saskatchewan",
                "2213": "Tocantins",
                "2215": "Saskatchewan",
                "2573": "Tocantins",
                "2575": "Saskatchewan",
                "2693": "Tocantins",
                "2695": "Saskatchewan",
                "3053": "Tocantins",
                "3055": "Saskatchewan",
                "3173": "Tocantins",
                "3175": "Saskatchewan",
                "3533": "Tocantins",
                "3535": "Saskatchewan",
                "3653": "Tocantins",
                "3655": "Saskatchewan",
                "4013": "Tocantins",
                "4015": "Saskatchewan",
                "4133": "Tocantins",
                "4135": "Saskatchewan",
                "4493": "Tocantins",
                "4495": "Saskatchewan",
                "4613": "Tocantins",
                "4615": "Saskatchewan",
                "4973": "Tocantins",
                "4975": "Saskatchewan",
                "5093": "Tocantins",
                "5095": "Saskatchewan",
                "5453": "Tocantins",
                "5455": "Saskatchewan",
                "5573": "Tocantins",
                "5575": "Saskatchewan"
            },
            "country": {
                "173": "Brazil",
                "175": "Canada",
                "293": "Brazil",
                "295": "Canada",
                "653": "Brazil",
                "655": "Canada",
                "773": "Brazil",
                "775": "Canada",
                "1133": "Brazil",
                "1135": "Canada",
                "1253": "Brazil",
                "1255": "Canada",
                "1613": "Brazil",
                "1615": "Canada",
                "1733": "Brazil",
                "1735": "Canada",
                "2093": "Brazil",
                "2095": "Canada",
                "2213": "Brazil",
                "2215": "Canada",
                "2573": "Brazil",
                "2575": "Canada",
                "2693": "Brazil",
                "2695": "Canada",
                "3053": "Brazil",
                "3055": "Canada",
                "3173": "Brazil",
                "3175": "Canada",
                "3533": "Brazil",
                "3535": "Canada",
                "3653": "Brazil",
                "3655": "Canada",
                "4013": "Brazil",
                "4015": "Canada",
                "4133": "Brazil",
                "4135": "Canada",
                "4493": "Brazil",
                "4495": "Canada",
                "4613": "Brazil",
                "4615": "Canada",
                "4973": "Brazil",
                "4975": "Canada",
                "5093": "Brazil",
                "5095": "Canada",
                "5453": "Brazil",
                "5455": "Canada",
                "5573": "Brazil",
                "5575": "Canada"
            },
            "service_month": {
                "173": "APR-2022",
                "175": "APR-2022",
                "293": "APR-2023",
                "295": "APR-2023",
                "653": "AUG-2022",
                "655": "AUG-2022",
                "773": "AUG-2023",
                "775": "AUG-2023",
                "1133": "DEC-2022",
                "1135": "DEC-2022",
                "1253": "DEC-2023",
                "1255": "DEC-2023",
                "1613": "FEB-2022",
                "1615": "FEB-2022",
                "1733": "FEB-2023",
                "1735": "FEB-2023",
                "2093": "JAN-2022",
                "2095": "JAN-2022",
                "2213": "JAN-2023",
                "2215": "JAN-2023",
                "2573": "JUL-2022",
                "2575": "JUL-2022",
                "2693": "JUL-2023",
                "2695": "JUL-2023",
                "3053": "JUN-2022",
                "3055": "JUN-2022",
                "3173": "JUN-2023",
                "3175": "JUN-2023",
                "3533": "MAR-2022",
                "3535": "MAR-2022",
                "3653": "MAR-2023",
                "3655": "MAR-2023",
                "4013": "MAY-2022",
                "4015": "MAY-2022",
                "4133": "MAY-2023",
                "4135": "MAY-2023",
                "4493": "NOV-2022",
                "4495": "NOV-2022",
                "4613": "NOV-2023",
                "4615": "NOV-2023",
                "4973": "OCT-2022",
                "4975": "OCT-2022",
                "5093": "OCT-2023",
                "5095": "OCT-2023",
                "5453": "SEP-2022",
                "5455": "SEP-2022",
                "5573": "SEP-2023",
                "5575": "SEP-2023"
            },
            "type": {
                "173": "Forecasted",
                "175": "Forecasted",
                "293": "Forecasted",
                "295": "Forecasted",
                "653": "Forecasted",
                "655": "Forecasted",
                "773": "Forecasted",
                "775": "Forecasted",
                "1133": "Forecasted",
                "1135": "Forecasted",
                "1253": "Forecasted",
                "1255": "Forecasted",
                "1613": "Forecasted",
                "1615": "Forecasted",
                "1733": "Forecasted",
                "1735": "Forecasted",
                "2093": "Forecasted",
                "2095": "Forecasted",
                "2213": "Forecasted",
                "2215": "Forecasted",
                "2573": "Forecasted",
                "2575": "Forecasted",
                "2693": "Forecasted",
                "2695": "Forecasted",
                "3053": "Forecasted",
                "3055": "Forecasted",
                "3173": "Forecasted",
                "3175": "Forecasted",
                "3533": "Forecasted",
                "3535": "Forecasted",
                "3653": "Forecasted",
                "3655": "Forecasted",
                "4013": "Forecasted",
                "4015": "Forecasted",
                "4133": "Forecasted",
                "4135": "Forecasted",
                "4493": "Forecasted",
                "4495": "Forecasted",
                "4613": "Forecasted",
                "4615": "Forecasted",
                "4973": "Forecasted",
                "4975": "Forecasted",
                "5093": "Forecasted",
                "5095": "Forecasted",
                "5453": "Forecasted",
                "5455": "Forecasted",
                "5573": "Forecasted",
                "5575": "Forecasted"
            },
            "value": {
                "173": 35151.39494157698,
                "175": 49447.76770208774,
                "293": 14279.07276716151,
                "295": 16274.039090704964,
                "653": 26942.02860057986,
                "655": 19682.863177149306,
                "773": 40496.010631777885,
                "775": 38679.83246791295,
                "1133": 17851.27960251718,
                "1135": 10421.652831272855,
                "1253": 40847.24709721704,
                "1255": 15783.297512543191,
                "1613": 30422.95231309537,
                "1615": 7805.098737159315,
                "1733": 21724.03915399533,
                "1735": 23582.221780817214,
                "2093": 46887.87001175655,
                "2095": 26241.19650101122,
                "2213": 27912.09531422121,
                "2215": 21556.729929711128,
                "2573": 47592.451575476574,
                "2575": 14015.674323683565,
                "2693": 43427.84466489214,
                "2695": 39086.55061497169,
                "3053": 24869.63449116046,
                "3055": 5892.808089482133,
                "3173": 22235.85105662172,
                "3175": 37951.183503459375,
                "3533": 26743.60841774168,
                "3535": 14334.758026589838,
                "3653": 17023.17539803603,
                "3655": 12667.052102744963,
                "4013": 1669.5332232611431,
                "4015": 35084.784915427896,
                "4133": 31189.81564310244,
                "4135": 42883.33307511537,
                "4493": 24515.423995880363,
                "4495": 39660.61589725959,
                "4613": 8994.329462113417,
                "4615": 40581.57600457494,
                "4973": 17234.43753488675,
                "4975": 35574.334800385855,
                "5093": 39262.94183922259,
                "5095": 47119.485953692274,
                "5453": 16033.979278670684,
                "5455": 15101.861999497742,
                "5573": 21917.67677070648,
                "5575": 8084.580840722633
            }
        }
    },
    "chat_history": [],
    "current_step": null,
    "calculation_results": []
}