{"client_id": 0, "base_utterance": null, "plan": [], "research_results": [], "queried_data": {"in_process_adam_s_2023": {"Unnamed: 0": {"515": 515, "797": 797, "802": 802, "1230": 1230, "1325": 1325, "1420": 1420, "2814": 2814, "2860": 2860, "3055": 3055, "3153": 3153, "3961": 3961, "3962": 3962, "5689": 5689, "5986": 5986, "6169": 6169, "6461": 6461, "6840": 6840, "8093": 8093, "8382": 8382, "9152": 9152, "9241": 9241}, "site_name": {"515": "Esp\u00c3\u00adrito Santo_Brazil_13", "797": "Western Australia_Australia_94", "802": "Western Australia_Australia_94", "1230": "North Dakota_United States_155", "1325": "Pernambuco_Brazil_3", "1420": "Alaska_United States_103", "2814": "Manipur_India_36", "2860": "Nagaland_India_29", "3055": "Telangana_India_236", "3153": "Piau\u00c3\u00ad_Brazil_119", "3961": "Tocantins_Brazil_166", "3962": "Tocantins_Brazil_166", "5689": "Tasmania_Australia_151", "5986": "Pennsylvania_United States_267", "6169": "Kerala_India_29", "6461": "Michigan_United States_20", "6840": "Connecticut_United States_194", "8093": "Jharkhand_India_77", "8382": "Andaman and Nicobar Islands_India_137", "9152": "North Carolina_United States_28", "9241": "Mato Grosso_Brazil_12"}, "state": {"515": "Esp\u00c3\u00adrito Santo", "797": "Western Australia", "802": "Western Australia", "1230": "North Dakota", "1325": "Pernambuco", "1420": "Alaska", "2814": "Manipur", "2860": "Nagaland", "3055": "Telangana", "3153": "Piau\u00c3\u00ad", "3961": "Tocantins", "3962": "Tocantins", "5689": "Tasmania", "5986": "Pennsylvania", "6169": "Kerala", "6461": "Michigan", "6840": "Connecticut", "8093": "Jharkhand", "8382": "Andaman and Nicobar Islands", "9152": "North Carolina", "9241": "Mato Grosso"}, "country": {"515": "Brazil", "797": "Australia", "802": "Australia", "1230": "United States", "1325": "Brazil", "1420": "United States", "2814": "India", "2860": "India", "3055": "India", "3153": "Brazil", "3961": "Brazil", "3962": "Brazil", "5689": "Australia", "5986": "United States", "6169": "India", "6461": "United States", "6840": "United States", "8093": "India", "8382": "India", "9152": "United States", "9241": "Brazil"}, "service_month": {"515": "DEC-2023", "797": "JUN-2023", "802": "NOV-2023", "1230": "JUL-2023", "1325": "JUN-2023", "1420": "MAY-2023", "2814": "JUL-2023", "2860": "MAY-2023", "3055": "AUG-2023", "3153": "OCT-2023", "3961": "FEB-2023", "3962": "MAR-2023", "5689": "FEB-2023", "5986": "NOV-2023", "6169": "FEB-2023", "6461": "JUN-2023", "6840": "JAN-2023", "8093": "JUN-2023", "8382": "JUL-2023", "9152": "SEP-2023", "9241": "FEB-2023"}, "invoice_name": {"515": "Esp\u00c3\u00adrito Santo_Brazil_13-DEC-2023", "797": "Western Australia_Australia_94-JUN-2023", "802": "Western Australia_Australia_94-NOV-2023", "1230": "North Dakota_United States_155-JUL-2023", "1325": "Pernambuco_Brazil_3-JUN-2023", "1420": "Alaska_United States_103-MAY-2023", "2814": "Manipur_India_36-JUL-2023", "2860": "Nagaland_India_29-MAY-2023", "3055": "Telangana_India_236-AUG-2023", "3153": "Piau\u00c3\u00ad_Brazil_119-OCT-2023", "3961": "Tocantins_Brazil_166-FEB-2023", "3962": "Tocantins_Brazil_166-MAR-2023", "5689": "Tasmania_Australia_151-FEB-2023", "5986": "Pennsylvania_United States_267-NOV-2023", "6169": "Kerala_India_29-FEB-2023", "6461": "Michigan_United States_20-JUN-2023", "6840": "Connecticut_United States_194-JAN-2023", "8093": "Jharkhand_India_77-JUN-2023", "8382": "Andaman and Nicobar Islands_India_137-JUL-2023", "9152": "North Carolina_United States_28-SEP-2023", "9241": "Mato Grosso_Brazil_12-FEB-2023"}, "submitted_by": {"515": "Adam S.", "797": "Adam S.", "802": "Adam S.", "1230": "Adam S.", "1325": "Adam S.", "1420": "Adam S.", "2814": "Adam S.", "2860": "Adam S.", "3055": "Adam S.", "3153": "Adam S.", "3961": "Adam S.", "3962": "Adam S.", "5689": "Adam S.", "5986": "Adam S.", "6169": "Adam S.", "6461": "Adam S.", "6840": "Adam S.", "8093": "Adam S.", "8382": "Adam S.", "9152": "Adam S.", "9241": "Adam S."}, "status": {"515": "IN-PROCESS", "797": "IN-PROCESS", "802": "IN-PROCESS", "1230": "IN-PROCESS", "1325": "IN-PROCESS", "1420": "IN-PROCESS", "2814": "IN-PROCESS", "2860": "IN-PROCESS", "3055": "IN-PROCESS", "3153": "IN-PROCESS", "3961": "IN-PROCESS", "3962": "IN-PROCESS", "5689": "IN-PROCESS", "5986": "IN-PROCESS", "6169": "IN-PROCESS", "6461": "IN-PROCESS", "6840": "IN-PROCESS", "8093": "IN-PROCESS", "8382": "IN-PROCESS", "9152": "IN-PROCESS", "9241": "IN-PROCESS"}}}, "chat_history": [], "current_step": null, "calculation_results": []}