{
    "client_id": 0,
    "base_utterance": null,
    "plan": [],
    "research_results": [],
    "queried_data": {
        "product_line_3_units_produced_2022_northen_territory_australia_32": {
            "client_id": {
                "144": 0,
                "624": 0,
                "1104": 0,
                "1584": 0,
                "2064": 0,
                "2544": 0,
                "3024": 0,
                "3504": 0,
                "3984": 0,
                "4464": 0,
                "4944": 0,
                "5424": 0
            },
            "data_stream": {
                "144": "Production Line 3 - Units Produced",
                "624": "Production Line 3 - Units Produced",
                "1104": "Production Line 3 - Units Produced",
                "1584": "Production Line 3 - Units Produced",
                "2064": "Production Line 3 - Units Produced",
                "2544": "Production Line 3 - Units Produced",
                "3024": "Production Line 3 - Units Produced",
                "3504": "Production Line 3 - Units Produced",
                "3984": "Production Line 3 - Units Produced",
                "4464": "Production Line 3 - Units Produced",
                "4944": "Production Line 3 - Units Produced",
                "5424": "Production Line 3 - Units Produced"
            },
            "site_name": {
                "144": "Northern Territory_Australia_32",
                "624": "Northern Territory_Australia_32",
                "1104": "Northern Territory_Australia_32",
                "1584": "Northern Territory_Australia_32",
                "2064": "Northern Territory_Australia_32",
                "2544": "Northern Territory_Australia_32",
                "3024": "Northern Territory_Australia_32",
                "3504": "Northern Territory_Australia_32",
                "3984": "Northern Territory_Australia_32",
                "4464": "Northern Territory_Australia_32",
                "4944": "Northern Territory_Australia_32",
                "5424": "Northern Territory_Australia_32"
            },
            "state": {
                "144": "Northern Territory",
                "624": "Northern Territory",
                "1104": "Northern Territory",
                "1584": "Northern Territory",
                "2064": "Northern Territory",
                "2544": "Northern Territory",
                "3024": "Northern Territory",
                "3504": "Northern Territory",
                "3984": "Northern Territory",
                "4464": "Northern Territory",
                "4944": "Northern Territory",
                "5424": "Northern Territory"
            },
            "country": {
                "144": "Australia",
                "624": "Australia",
                "1104": "Australia",
                "1584": "Australia",
                "2064": "Australia",
                "2544": "Australia",
                "3024": "Australia",
                "3504": "Australia",
                "3984": "Australia",
                "4464": "Australia",
                "4944": "Australia",
                "5424": "Australia"
            },
            "service_month": {
                "144": "APR-2022",
                "624": "AUG-2022",
                "1104": "DEC-2022",
                "1584": "FEB-2022",
                "2064": "JAN-2022",
                "2544": "JUL-2022",
                "3024": "JUN-2022",
                "3504": "MAR-2022",
                "3984": "MAY-2022",
                "4464": "NOV-2022",
                "4944": "OCT-2022",
                "5424": "SEP-2022"
            },
            "type": {
                "144": "Actual",
                "624": "Actual",
                "1104": "Actual",
                "1584": "Actual",
                "2064": "Actual",
                "2544": "Actual",
                "3024": "Actual",
                "3504": "Actual",
                "3984": "Actual",
                "4464": "Actual",
                "4944": "Actual",
                "5424": "Actual"
            },
            "value": {
                "144": 26424.166539621303,
                "624": 19390.11342183762,
                "1104": 24091.162706780917,
                "1584": 33031.91926749008,
                "2064": 1642.655581516117,
                "2544": 28752.26418406967,
                "3024": 33119.792379516635,
                "3504": 5723.415602180226,
                "3984": 45341.98046527318,
                "4464": 18356.948150073604,
                "4944": 44212.78519296734,
                "5424": 38566.15188167956
            }
        },
        "product_life_cycle_emissions_2022_albarta_canada_268": {
            "client_id": {
                "134": 0,
                "614": 0,
                "1094": 0,
                "1574": 0,
                "2054": 0,
                "2534": 0,
                "3014": 0,
                "3494": 0,
                "3974": 0,
                "4454": 0,
                "4934": 0,
                "5414": 0
            },
            "data_stream": {
                "134": "Product Life Cycle Emissions",
                "614": "Product Life Cycle Emissions",
                "1094": "Product Life Cycle Emissions",
                "1574": "Product Life Cycle Emissions",
                "2054": "Product Life Cycle Emissions",
                "2534": "Product Life Cycle Emissions",
                "3014": "Product Life Cycle Emissions",
                "3494": "Product Life Cycle Emissions",
                "3974": "Product Life Cycle Emissions",
                "4454": "Product Life Cycle Emissions",
                "4934": "Product Life Cycle Emissions",
                "5414": "Product Life Cycle Emissions"
            },
            "site_name": {
                "134": "Alberta_Canada_268",
                "614": "Alberta_Canada_268",
                "1094": "Alberta_Canada_268",
                "1574": "Alberta_Canada_268",
                "2054": "Alberta_Canada_268",
                "2534": "Alberta_Canada_268",
                "3014": "Alberta_Canada_268",
                "3494": "Alberta_Canada_268",
                "3974": "Alberta_Canada_268",
                "4454": "Alberta_Canada_268",
                "4934": "Alberta_Canada_268",
                "5414": "Alberta_Canada_268"
            },
            "state": {
                "134": "Alberta",
                "614": "Alberta",
                "1094": "Alberta",
                "1574": "Alberta",
                "2054": "Alberta",
                "2534": "Alberta",
                "3014": "Alberta",
                "3494": "Alberta",
                "3974": "Alberta",
                "4454": "Alberta",
                "4934": "Alberta",
                "5414": "Alberta"
            },
            "country": {
                "134": "Canada",
                "614": "Canada",
                "1094": "Canada",
                "1574": "Canada",
                "2054": "Canada",
                "2534": "Canada",
                "3014": "Canada",
                "3494": "Canada",
                "3974": "Canada",
                "4454": "Canada",
                "4934": "Canada",
                "5414": "Canada"
            },
            "service_month": {
                "134": "APR-2022",
                "614": "AUG-2022",
                "1094": "DEC-2022",
                "1574": "FEB-2022",
                "2054": "JAN-2022",
                "2534": "JUL-2022",
                "3014": "JUN-2022",
                "3494": "MAR-2022",
                "3974": "MAY-2022",
                "4454": "NOV-2022",
                "4934": "OCT-2022",
                "5414": "SEP-2022"
            },
            "type": {
                "134": "Actual",
                "614": "Actual",
                "1094": "Actual",
                "1574": "Actual",
                "2054": "Actual",
                "2534": "Actual",
                "3014": "Actual",
                "3494": "Actual",
                "3974": "Actual",
                "4454": "Actual",
                "4934": "Actual",
                "5414": "Actual"
            },
            "value": {
                "134": 28261.43290560539,
                "614": 21392.06054325174,
                "1094": 43090.73890095436,
                "1574": 48906.493235462185,
                "2054": 12552.47859413237,
                "2534": 14284.429580304672,
                "3014": 47962.80191208346,
                "3494": 43607.80048709387,
                "3974": 41399.16439065837,
                "4454": 475.4647341895056,
                "4934": 4708.12034972621,
                "5414": 29162.87464903457
            }
        }
    },
    "chat_history": [],
    "current_step": null,
    "calculation_results": [
        "{'max': 1877120103.0798647, 'mean': 775275039.8735183, 'variance': 4.355705606555216e+17}"
    ]
}