{"client_id": 0, "base_utterance": null, "plan": [], "research_results": [], "queried_data": {}, "chat_history": ["QueryOrchestrator agent to Orchestrator agent: ('QUERY NEED INPUT', \"Could you please clarify what you mean by 'puppies without any owners'? Are you referring to a specific type of data or record?\")"], "current_step": null, "calculation_results": []}