{"client_id": 0, "base_utterance": "Give my test product returns for the year 2020-2022 divided by the product sales, Calculate the percentage growth by month of the product returns.", "plan": [["query_orchestrator_agent", "Fetch the test product returns data for the years 2020-2022."], ["query_orchestrator_agent", "Fetch the product sales data for the years 2020-2022."], ["calculation_agent", "Divide the test product returns by the product sales for each month from 2020 to 2022."], ["calculation_agent", "Calculate the percentage growth by month of the product returns from 2020 to 2022."]], "research_results": [], "queried_data": {}, "chat_history": [], "current_step": 0, "calculation_results": []}