{"client_id": 0, "base_utterance": "How does the company measure its Scope 3 emissions, retrieve the related records for those measurements and calculate the variance for each?", "plan": [["research_agent", "Retrieve information on how the company measures its Scope 3 emissions from the ESG document."], ["query_orchestrator_agent", "Fetch the records related to Scope 3 emissions measurements."], ["calculation_agent", "Calculate the variance for each of the Scope 3 emissions measurements from the fetched records."]], "research_results": [], "queried_data": {}, "chat_history": [], "current_step": 0, "calculation_results": []}